This is LuaHBTeX, Version 1.18.0 (TeX Live 2025/dev/Debian)  (format=lualatex 2026.7.22)  26 JUL 2026 09:10
 restricted system commands enabled.
**manuscript.tex
(./manuscript.tex
LaTeX2e <2024-11-01> patch level 2
L3 programming layer <2025-01-18>
[\directlua]:1: module 'luaotfload-main' not found:
	no field package.preload['luaotfload-main']
	[kpse lua searcher] file not found: 'luaotfload-main'
Error in luaotfload: reverting to OT1
Inserting `tracingstacklevels' in `input_level_string'.
(/usr/share/texlive/texmf-dist/tex/latex/base/article.cls
Document Class: article 2024/06/29 v1.4n Standard LaTeX document class
(/usr/share/texlive/texmf-dist/tex/latex/base/size12.clo
File: size12.clo 2024/06/29 v1.4n Standard LaTeX file (size option)
LaTeX Font Info:    Trying to load font information for OT1+lmr on input line 5
4.

(/usr/share/texmf/tex/latex/lm/ot1lmr.fd
File: ot1lmr.fd 2015/05/01 v1.6.1 Font defs for Latin Modern
))
\c@part=\count194
\c@section=\count195
\c@subsection=\count196
\c@subsubsection=\count197
\c@paragraph=\count198
\c@subparagraph=\count199
\c@figure=\count266
\c@table=\count267
\abovecaptionskip=\skip49
\belowcaptionskip=\skip50
\bibindent=\dimen140
)
(/usr/share/texlive/texmf-dist/tex/latex/geometry/geometry.sty
Package: geometry 2020/01/02 v5.9 Page Geometry

(/usr/share/texlive/texmf-dist/tex/latex/graphics/keyval.sty
Package: keyval 2022/05/29 v1.15 key=value parser (DPC)
\KV@toks@=\toks17
)
(/usr/share/texlive/texmf-dist/tex/generic/iftex/ifvtex.sty
Package: ifvtex 2019/10/25 v1.7 ifvtex legacy package. Use iftex instead.

(/usr/share/texlive/texmf-dist/tex/generic/iftex/iftex.sty
Package: iftex 2024/12/12 v1.0g TeX engine tests
))
\Gm@cnth=\count268
\Gm@cntv=\count269
\c@Gm@tempcnt=\count270
\Gm@bindingoffset=\dimen141
\Gm@wd@mp=\dimen142
\Gm@odd@mp=\dimen143
\Gm@even@mp=\dimen144
\Gm@layoutwidth=\dimen145
\Gm@layoutheight=\dimen146
\Gm@layouthoffset=\dimen147
\Gm@layoutvoffset=\dimen148
\Gm@dimlist=\toks18
)
(/usr/share/texlive/texmf-dist/tex/latex/natbib/natbib.sty
Package: natbib 2010/09/13 8.31b (PWD, AO)
\bibhang=\skip51
\bibsep=\skip52
LaTeX Info: Redefining \cite on input line 694.
\c@NAT@ctr=\count271
)
(/usr/share/texlive/texmf-dist/tex/latex/tools/verbatim.sty
Package: verbatim 2024-01-22 v1.5x LaTeX2e package for verbatim enhancements
\every@verbatim=\toks19
\verbatim@line=\toks20
\verbatim@in@stream=\read2
)
(/usr/share/texlive/texmf-dist/tex/latex/setspace/setspace.sty
Package: setspace 2022/12/04 v6.7b set line spacing
)
(/usr/share/texlive/texmf-dist/tex/latex/booktabs/booktabs.sty
Package: booktabs 2020/01/12 v1.61803398 Publication quality tables
\heavyrulewidth=\dimen149
\lightrulewidth=\dimen150
\cmidrulewidth=\dimen151
\belowrulesep=\dimen152
\belowbottomsep=\dimen153
\aboverulesep=\dimen154
\abovetopsep=\dimen155
\cmidrulesep=\dimen156
\cmidrulekern=\dimen157
\defaultaddspace=\dimen158
\@cmidla=\count272
\@cmidlb=\count273
\@aboverulesep=\dimen159
\@belowrulesep=\dimen160
\@thisruleclass=\count274
\@lastruleclass=\count275
\@thisrulewidth=\dimen161
)
(/usr/share/texlive/texmf-dist/tex/latex/caption/caption.sty
Package: caption 2023/08/05 v3.6o Customizing captions (AR)

(/usr/share/texlive/texmf-dist/tex/latex/caption/caption3.sty
Package: caption3 2023/07/31 v2.4d caption3 kernel (AR)
\caption@tempdima=\dimen162
\captionmargin=\dimen163
\caption@leftmargin=\dimen164
\caption@rightmargin=\dimen165
\caption@width=\dimen166
\caption@indent=\dimen167
\caption@parindent=\dimen168
\caption@hangindent=\dimen169
Package caption Info: Standard document class detected.
)
\c@caption@flags=\count276
\c@continuedfloat=\count277
)
(/usr/share/texlive/texmf-dist/tex/latex/graphics/graphicx.sty
Package: graphicx 2021/09/16 v1.2d Enhanced LaTeX Graphics (DPC,SPQR)

(/usr/share/texlive/texmf-dist/tex/latex/graphics/graphics.sty
Package: graphics 2024/08/06 v1.4g Standard LaTeX Graphics (DPC,SPQR)

(/usr/share/texlive/texmf-dist/tex/latex/graphics/trig.sty
Package: trig 2023/12/02 v1.11 sin cos tan (DPC)
)
(/usr/share/texlive/texmf-dist/tex/latex/graphics-cfg/graphics.cfg
File: graphics.cfg 2016/06/04 v1.11 sample graphics configuration
)
Package graphics Info: Driver file: luatex.def on input line 106.

(/usr/share/texlive/texmf-dist/tex/latex/graphics-def/luatex.def
File: luatex.def 2024/04/13 v1.2e Graphics/color driver for luatex
))
\Gin@req@height=\dimen170
\Gin@req@width=\dimen171
)
(/usr/share/texlive/texmf-dist/tex/latex/caption/subcaption.sty
Package: subcaption 2023/07/28 v1.6b Sub-captions (AR)
Package caption Info: New subtype `subfigure' on input line 238.
\c@subfigure=\count278
Package caption Info: New subtype `subtable' on input line 238.
\c@subtable=\count279
)
(/usr/share/texlive/texmf-dist/tex/latex/listings/listings.sty
\lst@mode=\count280
\lst@gtempboxa=\box52
\lst@token=\toks21
\lst@length=\count281
\lst@currlwidth=\dimen172
\lst@column=\count282
\lst@pos=\count283
\lst@lostspace=\dimen173
\lst@width=\dimen174
\lst@newlines=\count284
\lst@lineno=\count285
\lst@maxwidth=\dimen175

(/usr/share/texlive/texmf-dist/tex/latex/listings/lstpatch.sty
File: lstpatch.sty 2024/09/23 1.10c (Carsten Heinz)
)
(/usr/share/texlive/texmf-dist/tex/latex/listings/lstmisc.sty
File: lstmisc.sty 2024/09/23 1.10c (Carsten Heinz)
\c@lstnumber=\count286
\lst@skipnumbers=\count287
\lst@framebox=\box53
)
(/usr/share/texlive/texmf-dist/tex/latex/listings/listings.cfg
File: listings.cfg 2024/09/23 1.10c listings configuration
))
Package: listings 2024/09/23 1.10c (Carsten Heinz)

(/usr/share/texlive/texmf-dist/tex/latex/psnfss/courier.sty
Package: courier 2020/03/25 PSNFSS-v9.3 (WaS) 
)
(/usr/share/texlive/texmf-dist/tex/latex/amsmath/amsmath.sty
Package: amsmath 2024/11/05 v2.17t AMS math features
\@mathmargin=\skip53

For additional information on amsmath, use the `?' option.
(/usr/share/texlive/texmf-dist/tex/latex/amsmath/amstext.sty
Package: amstext 2021/08/26 v2.01 AMS text

(/usr/share/texlive/texmf-dist/tex/latex/amsmath/amsgen.sty
File: amsgen.sty 1999/11/30 v2.0 generic functions
\@emptytoks=\toks22
\ex@=\dimen176
))
(/usr/share/texlive/texmf-dist/tex/latex/amsmath/amsbsy.sty
Package: amsbsy 1999/11/29 v1.2d Bold Symbols
\pmbraise@=\dimen177
)
(/usr/share/texlive/texmf-dist/tex/latex/amsmath/amsopn.sty
Package: amsopn 2022/04/08 v2.04 operator names
)
\inf@bad=\count288
LaTeX Info: Redefining \frac on input line 235.
\uproot@=\count289
\leftroot@=\count290
LaTeX Info: Redefining \overline on input line 398.
LaTeX Info: Redefining \colon on input line 409.
\classnum@=\count291
\DOTSCASE@=\count292
LaTeX Info: Redefining \ldots on input line 495.
LaTeX Info: Redefining \dots on input line 498.
LaTeX Info: Redefining \cdots on input line 619.
\Mathstrutbox@=\box54
\strutbox@=\box55
LaTeX Info: Redefining \big on input line 721.
LaTeX Info: Redefining \Big on input line 722.
LaTeX Info: Redefining \bigg on input line 723.
LaTeX Info: Redefining \Bigg on input line 724.
\big@size=\dimen178
LaTeX Font Info:    Redeclaring font encoding OML on input line 742.
LaTeX Font Info:    Redeclaring font encoding OMS on input line 743.
\macc@depth=\count293
LaTeX Info: Redefining \bmod on input line 904.
LaTeX Info: Redefining \pmod on input line 909.
LaTeX Info: Redefining \smash on input line 939.
LaTeX Info: Redefining \relbar on input line 969.
LaTeX Info: Redefining \Relbar on input line 970.
\c@MaxMatrixCols=\count294
\dotsspace@=\muskip17
\c@parentequation=\count295
\dspbrk@lvl=\count296
\tag@help=\toks23
\row@=\count297
\column@=\count298
\maxfields@=\count299
\andhelp@=\toks24
\eqnshift@=\dimen179
\alignsep@=\dimen180
\tagshift@=\dimen181
\tagwidth@=\dimen182
\totwidth@=\dimen183
\lineht@=\dimen184
\@envbody=\toks25
\multlinegap=\skip54
\multlinetaggap=\skip55
\mathdisplay@stack=\toks26
LaTeX Info: Redefining \[ on input line 2953.
LaTeX Info: Redefining \] on input line 2954.
)
(/usr/share/texlive/texmf-dist/tex/latex/hyperref/hyperref.sty
Package: hyperref 2024-11-05 v7.01l Hypertext links for LaTeX

(/usr/share/texlive/texmf-dist/tex/latex/kvsetkeys/kvsetkeys.sty
Package: kvsetkeys 2022-10-05 v1.19 Key value parser (HO)
)
(/usr/share/texlive/texmf-dist/tex/generic/kvdefinekeys/kvdefinekeys.sty
Package: kvdefinekeys 2019-12-19 v1.6 Define keys (HO)
)
(/usr/share/texlive/texmf-dist/tex/generic/pdfescape/pdfescape.sty
Package: pdfescape 2019/12/09 v1.15 Implements pdfTeX's escape features (HO)

(/usr/share/texlive/texmf-dist/tex/generic/ltxcmds/ltxcmds.sty
Package: ltxcmds 2023-12-04 v1.26 LaTeX kernel commands for general use (HO)
)
(/usr/share/texlive/texmf-dist/tex/generic/pdftexcmds/pdftexcmds.sty
Package: pdftexcmds 2020-06-27 v0.33 Utility functions of pdfTeX for LuaTeX (HO
)

(/usr/share/texlive/texmf-dist/tex/generic/infwarerr/infwarerr.sty
Package: infwarerr 2019/12/03 v1.5 Providing info/warning/error messages (HO)
)
Package pdftexcmds Info: \pdf@primitive is available.
Package pdftexcmds Info: \pdf@ifprimitive is available.
Package pdftexcmds Info: \pdfdraftmode found.
\pdftexcmds@toks=\toks27
))
(/usr/share/texlive/texmf-dist/tex/latex/hycolor/hycolor.sty
Package: hycolor 2020-01-27 v1.10 Color options for hyperref/bookmark (HO)
)
(/usr/share/texlive/texmf-dist/tex/latex/hyperref/nameref.sty
Package: nameref 2023-11-26 v2.56 Cross-referencing by name of section

(/usr/share/texlive/texmf-dist/tex/latex/refcount/refcount.sty
Package: refcount 2019/12/15 v3.6 Data extraction from label references (HO)
)
(/usr/share/texlive/texmf-dist/tex/generic/gettitlestring/gettitlestring.sty
Package: gettitlestring 2019/12/15 v1.6 Cleanup title references (HO)

(/usr/share/texlive/texmf-dist/tex/latex/kvoptions/kvoptions.sty
Package: kvoptions 2022-06-15 v3.15 Key value format for package options (HO)
))
\c@section@level=\count300
)
(/usr/share/texlive/texmf-dist/tex/latex/etoolbox/etoolbox.sty
Package: etoolbox 2025/02/11 v2.5l e-TeX tools for LaTeX (JAW)
\etb@tempcnta=\count301
)
(/usr/share/texlive/texmf-dist/tex/generic/stringenc/stringenc.sty
Package: stringenc 2019/11/29 v1.12 Convert strings between diff. encodings (HO
)
)
\@linkdim=\dimen185
\Hy@linkcounter=\count302
\Hy@pagecounter=\count303

(/usr/share/texlive/texmf-dist/tex/latex/hyperref/pd1enc.def
File: pd1enc.def 2024-11-05 v7.01l Hyperref: PDFDocEncoding definition (HO)
)
(/usr/share/texlive/texmf-dist/tex/generic/intcalc/intcalc.sty
Package: intcalc 2019/12/15 v1.3 Expandable calculations with integers (HO)
)
\Hy@SavedSpaceFactor=\count304

(/usr/share/texlive/texmf-dist/tex/latex/hyperref/puenc.def
File: puenc.def 2024-11-05 v7.01l Hyperref: PDF Unicode definition (HO)
)
Package hyperref Info: Hyper figures OFF on input line 4157.
Package hyperref Info: Link nesting OFF on input line 4162.
Package hyperref Info: Hyper index ON on input line 4165.
Package hyperref Info: Plain pages OFF on input line 4172.
Package hyperref Info: Backreferencing OFF on input line 4177.
Package hyperref Info: Implicit mode ON; LaTeX internals redefined.
Package hyperref Info: Bookmarks ON on input line 4424.
\c@Hy@tempcnt=\count305

(/usr/share/texlive/texmf-dist/tex/latex/url/url.sty
\Urlmuskip=\muskip18
Package: url 2013/09/16  ver 3.4  Verb mode for urls, etc.
)
LaTeX Info: Redefining \url on input line 4763.
\XeTeXLinkMargin=\dimen186

(/usr/share/texlive/texmf-dist/tex/generic/bitset/bitset.sty
Package: bitset 2019/12/09 v1.3 Handle bit-vector datatype (HO)

(/usr/share/texlive/texmf-dist/tex/generic/bigintcalc/bigintcalc.sty
Package: bigintcalc 2019/12/15 v1.5 Expandable calculations on big integers (HO
)
))
\Fld@menulength=\count306
\Field@Width=\dimen187
\Fld@charsize=\dimen188
Package hyperref Info: Hyper figures OFF on input line 6042.
Package hyperref Info: Link nesting OFF on input line 6047.
Package hyperref Info: Hyper index ON on input line 6050.
Package hyperref Info: backreferencing OFF on input line 6057.
Package hyperref Info: Link coloring OFF on input line 6062.
Package hyperref Info: Link coloring with OCG OFF on input line 6067.
Package hyperref Info: PDF/A mode OFF on input line 6072.

(/usr/share/texlive/texmf-dist/tex/latex/base/atbegshi-ltx.sty
Package: atbegshi-ltx 2021/01/10 v1.0c Emulation of the original atbegshi
package with kernel methods
)
\Hy@abspage=\count307
\c@Item=\count308
\c@Hfootnote=\count309
)
Package hyperref Info: Driver (autodetected): hluatex.

(/usr/share/texlive/texmf-dist/tex/latex/hyperref/hluatex.def
File: hluatex.def 2024-11-05 v7.01l Hyperref driver for luaTeX

(/usr/share/texlive/texmf-dist/tex/latex/base/atveryend-ltx.sty
Package: atveryend-ltx 2020/08/19 v1.0a Emulation of the original atveryend pac
kage
with kernel methods
)
\Fld@listcount=\count310
\c@bookmark@seq@number=\count311

(/usr/share/texlive/texmf-dist/tex/latex/rerunfilecheck/rerunfilecheck.sty
Package: rerunfilecheck 2022-07-10 v1.10 Rerun checks for auxiliary files (HO)

(/usr/share/texlive/texmf-dist/tex/generic/uniquecounter/uniquecounter.sty
Package: uniquecounter 2019/12/15 v1.4 Provide unlimited unique counter (HO)
)
Package uniquecounter Info: New unique counter `rerunfilecheck' on input line 2
85.
)
\Hy@SectionHShift=\skip56
)
Package hyperref Info: Option `colorlinks' set `true' on input line 27.

(/usr/share/texlive/texmf-dist/tex/latex/preprint/authblk.sty
Package: authblk 2001/02/27 1.3 (PWD)
\affilsep=\skip57
\@affilsep=\skip58
\c@Maxaffil=\count312
\c@authors=\count313
\c@affil=\count314
)
(/usr/share/texlive/texmf-dist/tex/latex/l3backend/l3backend-luatex.def
File: l3backend-luatex.def 2024-05-08 L3 backend support: PDF output (LuaTeX)
\l__color_backend_stack_int=\count315
\l__pdf_internal_box=\box56
)
(./manuscript.aux)
\openout1 = manuscript.aux

LaTeX Font Info:    Checking defaults for OML/cmm/m/it on input line 33.
LaTeX Font Info:    ... okay on input line 33.
LaTeX Font Info:    Checking defaults for OMS/cmsy/m/n on input line 33.
LaTeX Font Info:    ... okay on input line 33.
LaTeX Font Info:    Checking defaults for OT1/cmr/m/n on input line 33.
LaTeX Font Info:    ... okay on input line 33.
LaTeX Font Info:    Checking defaults for T1/cmr/m/n on input line 33.
LaTeX Font Info:    ... okay on input line 33.
LaTeX Font Info:    Checking defaults for TS1/cmr/m/n on input line 33.
LaTeX Font Info:    ... okay on input line 33.
LaTeX Font Info:    Checking defaults for TU/lmr/m/n on input line 33.
LaTeX Font Info:    ... okay on input line 33.
LaTeX Font Info:    Checking defaults for OMX/cmex/m/n on input line 33.
LaTeX Font Info:    ... okay on input line 33.
LaTeX Font Info:    Checking defaults for U/cmr/m/n on input line 33.
LaTeX Font Info:    ... okay on input line 33.
LaTeX Font Info:    Checking defaults for PD1/pdf/m/n on input line 33.
LaTeX Font Info:    ... okay on input line 33.
LaTeX Font Info:    Checking defaults for PU/pdf/m/n on input line 33.
LaTeX Font Info:    ... okay on input line 33.

*geometry* driver: auto-detecting
*geometry* detected driver: luatex
*geometry* verbose mode - [ preamble ] result:
* driver: luatex
* paper: <default>
* layout: <same size as paper>
* layoutoffset:(h,v)=(0.0pt,0.0pt)
* modes: 
* h-part:(L,W,R)=(83.11005pt, 448.0749pt, 83.11005pt)
* v-part:(T,H,B)=(72.26999pt, 614.295pt, 108.405pt)
* \paperwidth=614.295pt
* \paperheight=794.96999pt
* \textwidth=448.0749pt
* \textheight=614.295pt
* \oddsidemargin=10.84006pt
* \evensidemargin=10.84006pt
* \topmargin=-37.0pt
* \headheight=12.0pt
* \headsep=25.0pt
* \topskip=12.0pt
* \footskip=30.0pt
* \marginparwidth=44.0pt
* \marginparsep=10.0pt
* \columnsep=10.0pt
* \skip\footins=10.8pt plus 4.0pt minus 2.0pt
* \hoffset=0.0pt
* \voffset=0.0pt
* \mag=1000
* \@twocolumnfalse
* \@twosidefalse
* \@mparswitchfalse
* \@reversemarginfalse
* (1in=72.27pt=25.4mm, 1cm=28.453pt)

Package caption Info: Begin \AtBeginDocument code.
Package caption Info: hyperref package is loaded.
Package caption Info: listings package is loaded.
Package caption Info: End \AtBeginDocument code.
(/usr/share/texlive/texmf-dist/tex/context/base/mkii/supp-pdf.mkii
[Loading MPS to PDF converter (version 2006.09.02).]
\scratchcounter=\count316
\scratchdimen=\dimen189
\scratchbox=\box57
\nofMPsegments=\count317
\nofMParguments=\count318
\everyMPshowfont=\toks28
\MPscratchCnt=\count319
\MPscratchDim=\dimen190
\MPnumerator=\count320
\makeMPintoPDFobject=\count321
\everyMPtoPDFconversion=\toks29
) (/usr/share/texlive/texmf-dist/tex/latex/epstopdf-pkg/epstopdf-base.sty
Package: epstopdf-base 2020-01-24 v2.11 Base part for package epstopdf
Package epstopdf-base Info: Redefining graphics rule for `.eps' on input line 4
85.

(/usr/share/texlive/texmf-dist/tex/latex/latexconfig/epstopdf-sys.cfg
File: epstopdf-sys.cfg 2010/07/13 v1.3 Configuration of (r)epstopdf for TeX Liv
e
))
\c@lstlisting=\count322

(/usr/share/texlive/texmf-dist/tex/latex/graphics/color.sty
Package: color 2024/06/23 v1.3e Standard LaTeX Color (DPC)

(/usr/share/texlive/texmf-dist/tex/latex/graphics-cfg/color.cfg
File: color.cfg 2016/01/02 v1.6 sample color configuration
)
Package color Info: Driver file: luatex.def on input line 149.

(/usr/share/texlive/texmf-dist/tex/latex/graphics/mathcolor.ltx))
Package hyperref Info: Link coloring ON on input line 33.

(./manuscript.out) (./manuscript.out)
\@outlinefile=\write3

\openout3 = manuscript.out


[1

{/var/lib/texmf/fonts/map/pdftex/updmap/pdftex.map}]

[2]

[3]

[4]

[5]

[6
Missing character: There is no ’ (U+2019) in font rm-lmr12!
Missing character: There is no ’ (U+2019) in font rm-lmr12!
Missing character: There is no ’ (U+2019) in font rm-lmr12!
Missing character: There is no ’ (U+2019) in font rm-lmr12!
]

[7]

[8] (./Tabs/star.tex)

[9
Missing character: There is no ’ (U+2019) in font rm-lmr12!
]

[10]
<Plots/star.png, id=352, 505.89pt x 505.89pt>
File: Plots/star.png Graphic file (type png)
<use Plots/star.png>
Package luatex.def Info: Plots/star.png  used on input line 210.
(luatex.def)             Requested size: 134.42383pt x 134.423pt.
<Plots/circle.png, id=353, 505.89pt x 505.89pt>
File: Plots/circle.png Graphic file (type png)
<use Plots/circle.png>
Package luatex.def Info: Plots/circle.png  used on input line 215.
(luatex.def)             Requested size: 134.42383pt x 134.423pt.
<Plots/clique.png, id=354, 505.89pt x 505.89pt>
File: Plots/clique.png Graphic file (type png)
<use Plots/clique.png>
Package luatex.def Info: Plots/clique.png  used on input line 220.
(luatex.def)             Requested size: 134.42383pt x 134.423pt.
<Plots/path.png, id=355, 433.62pt x 289.08pt>
File: Plots/path.png Graphic file (type png)
<use Plots/path.png>
Package luatex.def Info: Plots/path.png  used on input line 225.
(luatex.def)             Requested size: 134.42383pt x 89.61386pt.
<Plots/7-clique-plus-pendant.png, id=356, 505.89pt x 505.89pt>
File: Plots/7-clique-plus-pendant.png Graphic file (type png)
<use Plots/7-clique-plus-pendant.png>
Package luatex.def Info: Plots/7-clique-plus-pendant.png  used on input line 23
0.
(luatex.def)             Requested size: 134.42383pt x 134.423pt.
<Plots/circular-lattice-plus-pendant.png, id=357, 505.89pt x 505.89pt>
File: Plots/circular-lattice-plus-pendant.png Graphic file (type png)
<use Plots/circular-lattice-plus-pendant.png>
Package luatex.def Info: Plots/circular-lattice-plus-pendant.png  used on input
 line 235.
(luatex.def)             Requested size: 134.42383pt x 134.423pt.
<Plots/star-roles-by-size.png, id=358, 505.89pt x 578.16pt>
File: Plots/star-roles-by-size.png Graphic file (type png)
<use Plots/star-roles-by-size.png>
Package luatex.def Info: Plots/star-roles-by-size.png  used on input line 244.
(luatex.def)             Requested size: 268.84767pt x 307.26143pt.


[11]

[12<./Plots/star.png><./Plots/circle.png><./Plots/clique.png><./Plots/path.png><
./Plots/7-clique-plus-pendant.png><./Plots/circular-lattice-plus-pendant.png>] 
(./Tabs/circle.tex) (./Tabs/path.tex) (./Tabs/clique.tex)

[13<./Plots/star-roles-by-size.png>]
<Plots/constraint_vs_order_circle.png, id=388, 433.62pt x 289.08pt>
File: Plots/constraint_vs_order_circle.png Graphic file (type png)
<use Plots/constraint_vs_order_circle.png>
Package luatex.def Info: Plots/constraint_vs_order_circle.png  used on input li
ne 267.
(luatex.def)             Requested size: 268.84767pt x 179.24097pt.


[14]

[15<./Plots/constraint_vs_order_circle.png>]
<Plots/circle-triangle1.png, id=423, 505.89pt x 505.89pt>
File: Plots/circle-triangle1.png Graphic file (type png)
<use Plots/circle-triangle1.png>
Package luatex.def Info: Plots/circle-triangle1.png  used on input line 294.
(luatex.def)             Requested size: 179.22722pt x 179.22552pt.
<Plots/circle-long.png, id=424, 505.89pt x 505.89pt>
File: Plots/circle-long.png Graphic file (type png)
<use Plots/circle-long.png>
Package luatex.def Info: Plots/circle-long.png  used on input line 299.
(luatex.def)             Requested size: 179.22722pt x 179.22552pt.
<Plots/star-triangle1.png, id=425, 505.89pt x 505.89pt>
File: Plots/star-triangle1.png Graphic file (type png)
<use Plots/star-triangle1.png>
Package luatex.def Info: Plots/star-triangle1.png  used on input line 304.
(luatex.def)             Requested size: 179.22722pt x 179.22552pt.
<Plots/wheel.png, id=426, 505.89pt x 505.89pt>
File: Plots/wheel.png Graphic file (type png)
<use Plots/wheel.png>
Package luatex.def Info: Plots/wheel.png  used on input line 309.
(luatex.def)             Requested size: 179.22722pt x 179.22552pt.
<Plots/estrada-1a.png, id=432, 505.89pt x 505.89pt>
File: Plots/estrada-1a.png Graphic file (type png)
<use Plots/estrada-1a.png>
Package luatex.def Info: Plots/estrada-1a.png  used on input line 329.
(luatex.def)             Requested size: 201.63234pt x 201.6345pt.
<Plots/estrada-1b.png, id=433, 505.89pt x 505.89pt>
File: Plots/estrada-1b.png Graphic file (type png)
<use Plots/estrada-1b.png>
Package luatex.def Info: Plots/estrada-1b.png  used on input line 336.
(luatex.def)             Requested size: 201.63234pt x 201.6345pt.


[16] (./Tabs/estrada-1a.tex) (./Tabs/estrada-1b.tex)

[17<./Plots/circle-triangle1.png><./Plots/circle-long.png><./Plots/star-triangle
1.png><./Plots/wheel.png>]

[18<./Plots/estrada-1a.png><./Plots/estrada-1b.png>]
<Plots/tree_comparisons.png, id=469, 867.24pt x 361.35pt>
File: Plots/tree_comparisons.png Graphic file (type png)
<use Plots/tree_comparisons.png>
Package luatex.def Info: Plots/tree_comparisons.png  used on input line 358.
(luatex.def)             Requested size: 448.0749pt x 186.70108pt.


[19<./Plots/tree_comparisons.png>]

[20]
<Plots/span_of_control_distinction.png, id=491, 433.62pt x 289.08pt>
File: Plots/span_of_control_distinction.png Graphic file (type png)
<use Plots/span_of_control_distinction.png>
Package luatex.def Info: Plots/span_of_control_distinction.png  used on input l
ine 393.
(luatex.def)             Requested size: 268.84767pt x 179.24097pt.
<Plots/tree_scalar.png, id=492, 433.62pt x 289.08pt>
File: Plots/tree_scalar.png Graphic file (type png)
<use Plots/tree_scalar.png>
Package luatex.def Info: Plots/tree_scalar.png  used on input line 400.
(luatex.def)             Requested size: 358.46129pt x 238.98796pt.


[21<./Plots/span_of_control_distinction.png><./Plots/tree_scalar.png>]
<Plots/small_world_snapshots.png, id=502, 867.24pt x 325.215pt>
File: Plots/small_world_snapshots.png Graphic file (type png)
<use Plots/small_world_snapshots.png>
Package luatex.def Info: Plots/small_world_snapshots.png  used on input line 42
2.
(luatex.def)             Requested size: 448.0749pt x 168.03098pt.


[22
Missing character: There is no — (U+2014) in font rm-lmr12!
Missing character: There is no — (U+2014) in font rm-lmr12!
]
<Plots/variance_vs_density.png, id=509, 433.62pt x 289.08pt>
File: Plots/variance_vs_density.png Graphic file (type png)
<use Plots/variance_vs_density.png>
Package luatex.def Info: Plots/variance_vs_density.png  used on input line 434.

(luatex.def)             Requested size: 268.84767pt x 179.24097pt.


[23
Missing character: There is no — (U+2014) in font rm-lmr12!
<./Plots/small_world_snapshots.png>]
<Plots/mean_constraint_vs_density.png, id=524, 433.62pt x 289.08pt>
File: Plots/mean_constraint_vs_density.png Graphic file (type png)
<use Plots/mean_constraint_vs_density.png>
Package luatex.def Info: Plots/mean_constraint_vs_density.png  used on input li
ne 451.
(luatex.def)             Requested size: 268.84767pt x 179.24097pt.


[24
Missing character: There is no — (U+2014) in font rm-lmr12!
Missing character: There is no — (U+2014) in font rm-lmr12!
<./Plots/variance_vs_density.png>]

[25<./Plots/mean_constraint_vs_density.png>] (./Tabs/Figure3.tex)

[26]
<Plots/sf4.png, id=565, 505.89pt x 505.89pt>
File: Plots/sf4.png Graphic file (type png)
<use Plots/sf4.png>
Package luatex.def Info: Plots/sf4.png  used on input line 489.
(luatex.def)             Requested size: 143.38724pt x 143.38506pt.
<Plots/two-connected.png, id=566, 505.89pt x 505.89pt>
File: Plots/two-connected.png Graphic file (type png)
<use Plots/two-connected.png>
Package luatex.def Info: Plots/two-connected.png  used on input line 494.
(luatex.def)             Requested size: 143.38724pt x 143.38506pt.
<Plots/circle-weld.png, id=567, 505.89pt x 505.89pt>
File: Plots/circle-weld.png Graphic file (type png)
<use Plots/circle-weld.png>
Package luatex.def Info: Plots/circle-weld.png  used on input line 499.
(luatex.def)             Requested size: 143.38724pt x 143.38506pt.
 (./Tabs/Figure4.tex

LaTeX Warning: Float too large for page by 4.43723pt on input line 72.

)

[27]

[28]
<Plots/broker4.png, id=579, 505.89pt x 505.89pt>
File: Plots/broker4.png Graphic file (type png)
<use Plots/broker4.png>
Package luatex.def Info: Plots/broker4.png  used on input line 518.
(luatex.def)             Requested size: 197.15404pt x 197.15735pt.
<Plots/tree-mediator-three-branch.png, id=580, 505.89pt x 505.89pt>
File: Plots/tree-mediator-three-branch.png Graphic file (type png)
<use Plots/tree-mediator-three-branch.png>
Package luatex.def Info: Plots/tree-mediator-three-branch.png  used on input li
ne 523.
(luatex.def)             Requested size: 197.15404pt x 197.15735pt.


[29
Missing character: There is no ’ (U+2019) in font rm-lmr12!
Missing character: There is no ’ (U+2019) in font rm-lmr12!
Missing character: There is no ’ (U+2019) in font rm-lmr12!
<./Plots/sf4.png><./Plots/two-connected.png><./Plots/circle-weld.png>]

[30
Missing character: There is no ’ (U+2019) in font rm-lmr12!
Missing character: There is no ’ (U+2019) in font rm-lmr12!
Missing character: There is no ’ (U+2019) in font rm-lmr12!
Missing character: There is no ’ (U+2019) in font rm-lmr12!
<./Plots/broker4.png><./Plots/tree-mediator-three-branch.png>]
<Plots/medici-full.png, id=595, 505.89pt x 505.89pt>
File: Plots/medici-full.png Graphic file (type png)
<use Plots/medici-full.png>
Package luatex.def Info: Plots/medici-full.png  used on input line 546.
(luatex.def)             Requested size: 358.46129pt x 358.4665pt.
<Plots/medici-removed.png, id=596, 505.89pt x 505.89pt>
File: Plots/medici-removed.png Graphic file (type png)
<use Plots/medici-removed.png>
Package luatex.def Info: Plots/medici-removed.png  used on input line 553.
(luatex.def)             Requested size: 358.46129pt x 358.4665pt.

(./Tabs/medici-full.tex) (./Tabs/medici-removed.tex
Overfull \hbox (42.25995pt too wide) in paragraph at lines 5--34
 [][] 
 []

)

[31
Missing character: There is no ’ (U+2019) in font rm-lmr12!
]

[32]

[33]

[34<./Plots/medici-full.png>]

[35
Missing character: There is no ’ (U+2019) in font rm-lmr12!
Missing character: There is no ’ (U+2019) in font rm-lmr12!
Missing character: There is no ’ (U+2019) in font rm-lmr12!
Missing character: There is no ’ (U+2019) in font rm-lmr12!
Missing character: There is no ’ (U+2019) in font rm-lmr12!
<./Plots/medici-removed.png>]

[36
Missing character: There is no ’ (U+2019) in font rm-lmr12!
Missing character: There is no ’ (U+2019) in font rm-lmr12!
Missing character: There is no ’ (U+2019) in font rm-lmr12!
Missing character: There is no ’ (U+2019) in font rm-lmr12!
Missing character: There is no ’ (U+2019) in font rm-lmr12!
Missing character: There is no ’ (U+2019) in font rm-lmr12!
Missing character: There is no ’ (U+2019) in font rm-lmr12!
Missing character: There is no ’ (U+2019) in font rm-lmr12!
Missing character: There is no ’ (U+2019) in font rm-lmr12!
]
<Plots/zachary-karate.png, id=628, 505.89pt x 505.89pt>
File: Plots/zachary-karate.png Graphic file (type png)
<use Plots/zachary-karate.png>
Package luatex.def Info: Plots/zachary-karate.png  used on input line 579.
(luatex.def)             Requested size: 358.46129pt x 358.4665pt.
 (./Tabs/zachary-karate.tex)

[37
Missing character: There is no ’ (U+2019) in font rm-lmr12!
Missing character: There is no ’ (U+2019) in font rm-lmr12!
]

[38]

[39<./Plots/zachary-karate.png>]

[40]

[41]

[42]

[43]

[44
Missing character: There is no ’ (U+2019) in font rm-lmr12!
]

[45
Missing character: There is no ’ (U+2019) in font rm-lmr12!
Missing character: There is no ’ (U+2019) in font rm-lmr12!
Missing character: There is no ’ (U+2019) in font rm-lmr12!
] (./manuscript.bbl

[46]

[47])

[48
Missing character: There is no ‘ (U+2018) in font rm-lmr12!
Missing character: There is no ’ (U+2019) in font rm-lmr12!
Missing character: There is no ’ (U+2019) in font rm-lmr12!
] (/usr/share/texlive/texmf-dist/tex/latex/listings/lstlang1.sty
File: lstlang1.sty 2024/09/23 1.10c listings language file
)
(/usr/share/texlive/texmf-dist/tex/latex/listings/lstlang2.sty
File: lstlang2.sty 2024/09/23 1.10c listings language file
)
(/usr/share/texlive/texmf-dist/tex/latex/listings/lstlang3.sty
File: lstlang3.sty 2024/09/23 1.10c listings language file
)
LaTeX Font Info:    Trying to load font information for OT1+pcr on input line 6
76.

(/usr/share/texlive/texmf-dist/tex/latex/psnfss/ot1pcr.fd
File: ot1pcr.fd 2001/06/04 font definitions for OT1/pcr.
)
LaTeX Font Info:    Font shape `OT1/pcr/m/it' in size <10> not available
(Font)              Font shape `OT1/pcr/m/sl' tried instead on input line 680.
LaTeX Font Info:    Trying to load font information for TS1+pcr on input line 6
81.

(/usr/share/texlive/texmf-dist/tex/latex/psnfss/ts1pcr.fd
File: ts1pcr.fd 2001/06/04 font definitions for TS1/pcr.
)

[49]

[50]

[51] (./manuscript.aux)
 ***********
LaTeX2e <2024-11-01> patch level 2
L3 programming layer <2025-01-18>
 ***********
Package rerunfilecheck Info: File `manuscript.out' has not changed.
(rerunfilecheck)             Checksum: 90252FBFCB607F048B6F192CE1B8A9D1;8039.
)

Here is how much of LuaTeX's memory you used:
 15085 strings out of 475512
 381547,1144653 words of node,token memory allocated
 586 words of node memory still in use:
   7 hlist, 2 vlist, 2 rule, 15 glue, 1 kern, 58 glue_spec, 1 write, 3 pdf_actio
n nodes
   avail lists: 1:1,2:23,3:298,4:122,5:11130,6:96,7:13770,8:61,9:22502,10:42,11:
1155
 37401 multiletter control sequences out of 65536+600000
 69 fonts using 2864099 bytes
 72i,10n,75p,2131b,1573s stack positions out of 10000i,1000n,20000p,200000b,200000s
{/usr/share/texlive/texmf-dist/fonts/enc/dvips/base/8r.enc}{/usr/share/texmf/fon
ts/enc/dvips/lm/lm-rm.enc}{/usr/share/texmf/fonts/enc/dvips/lm/lm-ts1.enc}</usr/
share/texlive/texmf-dist/fonts/type1/public/amsfonts/cm/cmbx12.pfb></usr/share/t
exlive/texmf-dist/fonts/type1/public/amsfonts/cm/cmex10.pfb></usr/share/texlive/
texmf-dist/fonts/type1/public/amsfonts/cm/cmmi10.pfb></usr/share/texlive/texmf-d
ist/fonts/type1/public/amsfonts/cm/cmmi12.pfb></usr/share/texlive/texmf-dist/fon
ts/type1/public/amsfonts/cm/cmmi7.pfb></usr/share/texlive/texmf-dist/fonts/type1
/public/amsfonts/cm/cmmi8.pfb></usr/share/texlive/texmf-dist/fonts/type1/public/
amsfonts/cm/cmr10.pfb></usr/share/texlive/texmf-dist/fonts/type1/public/amsfonts
/cm/cmr12.pfb></usr/share/texlive/texmf-dist/fonts/type1/public/amsfonts/cm/cmr8
.pfb></usr/share/texlive/texmf-dist/fonts/type1/public/amsfonts/cm/cmsy10.pfb></
usr/share/texlive/texmf-dist/fonts/type1/public/amsfonts/cm/cmsy8.pfb></usr/shar
e/texmf/fonts/type1/public/lm/lmbx10.pfb></usr/share/texmf/fonts/type1/public/lm
/lmbx12.pfb></usr/share/texmf/fonts/type1/public/lm/lmr10.pfb></usr/share/texmf/
fonts/type1/public/lm/lmr12.pfb></usr/share/texmf/fonts/type1/public/lm/lmr17.pf
b></usr/share/texmf/fonts/type1/public/lm/lmr7.pfb></usr/share/texmf/fonts/type1
/public/lm/lmr8.pfb></usr/share/texmf/fonts/type1/public/lm/lmri10.pfb></usr/sha
re/texmf/fonts/type1/public/lm/lmri12.pfb></usr/share/texlive/texmf-dist/fonts/t
ype1/urw/courier/ucrb8a.pfb></usr/share/texlive/texmf-dist/fonts/type1/urw/couri
er/ucrr8a.pfb></usr/share/texlive/texmf-dist/fonts/type1/urw/courier/ucrro8a.pfb
>
Output written on manuscript.pdf (51 pages, 5213170 bytes).

PDF statistics: 909 PDF objects out of 1000 (max. 8388607)
 793 compressed objects within 8 object streams
 279 named destinations out of 1000 (max. 131072)
 249 words of extra memory for PDF output out of 10000 (max. 100000000)

